============================= test session starts =============================
platform win32 -- Python 3.13.7, pytest-9.0.2, pluggy-1.6.0 -- C:\Users\zagor\Desktop\omnia\backend\.venv\Scripts\python.exe
cachedir: .pytest_cache
rootdir: C:\Users\zagor\Desktop\omnia\backend
configfile: pyproject.toml
plugins: anyio-4.12.1, asyncio-1.3.0, cov-7.0.0
asyncio: mode=Mode.AUTO, debug=False, asyncio_default_fixture_loop_scope=None, asyncio_default_test_loop_scope=function
collecting ... collected 894 items

tests/test_app.py::test_health_endpoint PASSED                           [  0%]
tests/test_app.py::test_app_state_has_context PASSED                     [  0%]
tests/test_app.py::test_app_state_context_has_llm_service PASSED         [  0%]
tests/test_app.py::test_app_state_context_has_db PASSED                  [  0%]
tests/test_app.py::test_conversations_list_empty PASSED                  [  0%]
tests/test_calendar_plugin.py::TestCalendarPluginLifecycle::test_plugin_name PASSED [  0%]
tests/test_calendar_plugin.py::TestCalendarPluginLifecycle::test_plugin_version PASSED [  0%]
tests/test_calendar_plugin.py::TestCalendarPluginLifecycle::test_plugin_priority PASSED [  0%]
tests/test_calendar_plugin.py::TestCalendarPluginLifecycle::test_initialize_sets_timezone PASSED [  1%]
tests/test_calendar_plugin.py::TestCalendarPluginLifecycle::test_initialize_sets_reminder_interval PASSED [  1%]
tests/test_calendar_plugin.py::TestCalendarPluginLifecycle::test_get_tools_returns_five PASSED [  1%]
tests/test_calendar_plugin.py::TestCalendarPluginLifecycle::test_tool_names PASSED [  1%]
tests/test_calendar_plugin.py::TestCalendarPluginLifecycle::test_tool_risk_levels PASSED [  1%]
tests/test_calendar_plugin.py::TestCalendarPluginLifecycle::test_delete_event_requires_confirmation PASSED [  1%]
tests/test_calendar_plugin.py::TestCalendarPluginLifecycle::test_get_db_models PASSED [  1%]
tests/test_calendar_plugin.py::TestCalendarPluginLifecycle::test_on_app_startup_creates_reminder_task PASSED [  1%]
tests/test_calendar_plugin.py::TestCalendarPluginLifecycle::test_on_app_shutdown_cancels_task PASSED [  1%]
tests/test_calendar_plugin.py::TestCreateEvent::test_create_valid_event PASSED [  2%]
tests/test_calendar_plugin.py::TestCreateEvent::test_create_event_end_before_start PASSED [  2%]
tests/test_calendar_plugin.py::TestCreateEvent::test_create_event_end_equals_start PASSED [  2%]
tests/test_calendar_plugin.py::TestCreateEvent::test_create_event_optional_fields PASSED [  2%]
tests/test_calendar_plugin.py::TestCreateEvent::test_create_event_missing_title_errors PASSED [  2%]
tests/test_calendar_plugin.py::TestCreateEvent::test_create_event_missing_start_errors PASSED [  2%]
tests/test_calendar_plugin.py::TestListEvents::test_list_events_with_results PASSED [  2%]
tests/test_calendar_plugin.py::TestListEvents::test_list_events_empty PASSED [  2%]
tests/test_calendar_plugin.py::TestListEvents::test_list_events_max_results_clamped PASSED [  2%]
tests/test_calendar_plugin.py::TestListEvents::test_list_events_default_range PASSED [  3%]
tests/test_calendar_plugin.py::TestListEvents::test_list_events_with_recurrence_rule PASSED [  3%]
tests/test_calendar_plugin.py::TestUpdateEvent::test_update_existing_event PASSED [  3%]
tests/test_calendar_plugin.py::TestUpdateEvent::test_update_nonexistent_event PASSED [  3%]
tests/test_calendar_plugin.py::TestUpdateEvent::test_update_event_invalid_dates PASSED [  3%]
tests/test_calendar_plugin.py::TestUpdateEvent::test_update_event_partial_fields PASSED [  3%]
tests/test_calendar_plugin.py::TestDeleteEvent::test_delete_existing_event PASSED [  3%]
tests/test_calendar_plugin.py::TestDeleteEvent::test_delete_nonexistent_event PASSED [  3%]
tests/test_calendar_plugin.py::TestGetTodaySummary::test_summary_with_events PASSED [  3%]
tests/test_calendar_plugin.py::TestGetTodaySummary::test_summary_no_events PASSED [  4%]
tests/test_calendar_plugin.py::TestTimezoneHandling::test_parse_naive_assumes_config_tz PASSED [  4%]
tests/test_calendar_plugin.py::TestTimezoneHandling::test_parse_utc_string PASSED [  4%]
tests/test_calendar_plugin.py::TestTimezoneHandling::test_parse_offset_string PASSED [  4%]
tests/test_calendar_plugin.py::TestTimezoneHandling::test_result_always_utc PASSED [  4%]
tests/test_calendar_plugin.py::TestToolDispatch::test_unknown_tool_returns_error PASSED [  4%]
tests/test_calendar_plugin.py::TestToolDispatch::test_execution_time_is_reported PASSED [  4%]
tests/test_calendar_plugin.py::TestDependencyHealth::test_check_dependencies_returns_empty PASSED [  4%]
tests/test_calendar_plugin.py::TestDependencyHealth::test_get_connection_status_connected PASSED [  4%]
tests/test_calendar_plugin.py::TestCleanup::test_cleanup_cancels_task PASSED [  5%]
tests/test_calendar_plugin.py::TestCleanup::test_cleanup_clears_fired_reminders PASSED [  5%]
tests/test_calendar_plugin.py::TestReminderDedup::test_reminder_fires_once PASSED [  5%]
tests/test_calendar_plugin.py::TestReminderDedup::test_reminder_uses_enum_event PASSED [  5%]
tests/test_clipboard_plugin.py::TestClipboardPluginLifecycle::test_plugin_class_attributes PASSED [  5%]
tests/test_clipboard_plugin.py::TestClipboardPluginLifecycle::test_initialize PASSED [  5%]
tests/test_clipboard_plugin.py::TestClipboardPluginLifecycle::test_get_tools_returns_two PASSED [  5%]
tests/test_clipboard_plugin.py::TestClipboardPluginLifecycle::test_tool_names PASSED [  5%]
tests/test_clipboard_plugin.py::TestClipboardPluginLifecycle::test_get_clipboard_risk_level PASSED [  5%]
tests/test_clipboard_plugin.py::TestClipboardPluginLifecycle::test_set_clipboard_risk_level PASSED [  6%]
tests/test_clipboard_plugin.py::TestClipboardPluginLifecycle::test_check_dependencies_available PASSED [  6%]
tests/test_clipboard_plugin.py::TestClipboardPluginLifecycle::test_check_dependencies_missing PASSED [  6%]
tests/test_clipboard_plugin.py::TestClipboardPluginLifecycle::test_connection_status_connected PASSED [  6%]
tests/test_clipboard_plugin.py::TestClipboardPluginLifecycle::test_connection_status_error PASSED [  6%]
tests/test_clipboard_plugin.py::TestGetClipboard::test_normal_text PASSED [  6%]
tests/test_clipboard_plugin.py::TestGetClipboard::test_empty_clipboard PASSED [  6%]
tests/test_clipboard_plugin.py::TestGetClipboard::test_long_text_truncated PASSED [  6%]
tests/test_clipboard_plugin.py::TestGetClipboard::test_binary_content_pyperclip_exception PASSED [  6%]
tests/test_clipboard_plugin.py::TestSetClipboard::test_normal_text PASSED [  7%]
tests/test_clipboard_plugin.py::TestSetClipboard::test_text_too_long PASSED [  7%]
tests/test_clipboard_plugin.py::TestSetClipboard::test_missing_text_param PASSED [  7%]
tests/test_clipboard_plugin.py::TestSetClipboard::test_pyperclip_write_failure PASSED [  7%]
tests/test_clipboard_plugin.py::TestClipboardEdgeCases::test_pyperclip_not_installed_returns_error PASSED [  7%]
tests/test_clipboard_plugin.py::TestClipboardEdgeCases::test_set_clipboard_not_installed_returns_error PASSED [  7%]
tests/test_clipboard_plugin.py::TestClipboardEdgeCases::test_unknown_tool_name PASSED [  7%]
tests/test_clipboard_plugin.py::TestClipboardEdgeCases::test_execution_time_ms_returned PASSED [  7%]
tests/test_clipboard_plugin.py::TestClipboardEdgeCases::test_set_execution_time_ms_returned PASSED [  7%]
tests/test_concurrent.py::TestConcurrentWebSocket::test_multiple_sequential_ws_connections PASSED [  8%]
tests/test_concurrent.py::TestConcurrentWebSocket::test_parallel_ws_within_connection_limit PASSED [  8%]
tests/test_concurrent.py::TestConcurrentWebSocket::test_concurrent_ws_unique_conversations PASSED [  8%]
tests/test_concurrent.py::TestConcurrentWebSocket::test_concurrent_ws_same_conversation PASSED [  8%]
